STADA  3 ATRIDI (3 ALVARLEG):
  !! KRUFNING: geymd Jolly-spa (89.1) passar ekki vid blondu (85.4)
  !! vindur @24klst VERSNAR 3 daga i rod (0.81 -> 1.49 -> 2.09)
  !! att @24klst VERSNAR 3 daga i rod (24.46 -> 25.39 -> 31.35)
================================================================
JOLLY v7.8  2026-10-05 13:05 UTC
Eiginleg spastadfesting eftir spalengd | 9 gjafar | stod 571 + BIEG
================================================================
METAR BIEG:
  OK 23 faerslur | nyjust 2026-10-05T13:00 sky=100% botn=4200ft | aldur 0.1 klst
MAELING stod 4271 (Egilsstadaflugvollur):
  OK 2026-10-05T13:00 | hiti=6.3 vindur=6.8 att=305.0
  URKOMA stod 571: 2026-10-05T12:00 | 0.0 mm/klst
  METAR skyjagogn a 23 timapunkta
  720 maelingar geymdar (715 med skyjahulu)
OPEN-METEO:
  OK 168 timapunktar
    dmi     168 gildi
    knmi    168 gildi
    ecmwf   168 gildi
    icon    168 gildi
    ukmo    168 gildi
    mfr     133 gildi
    gfs     168 gildi
HARMONIE (Vedurstofa):
  OK 109 timapunktar (109 med skyjahulu ur vedurtexta - grof)
MET NORWAY (api.met.no):
  OK 88 timapunktar (88 med skyjahulu)
LIKAN:
  Hladid v2.x - 1382 keyrslur, 201311 stadfest por
SPASAFN:
  Geymdi 6 spalengdir fyrir utgafu 2026-10-05T13:00
  Safnid: 120 gildistimar (hreinsadi 1)
STADFESTING:
  Bid eftir stod 4271: 1 gildistimar (METAR eitt, < 3 klst)
  476 NY stadfest por a 2 gildistimum
  [GREINING @6klst hiti] Jolly 1.04 vs besti knmi 0.25 vs medaltal-medlima 1.25  (n=2)
           Jolly-spa bil: 4.8 - 5.4, medaltal 5.1 | maeling medaltal 6.2
           Jolly bias: -1.04  (0 = engin kerfisbundin skekkja)
           dmi hra-bias: -0.45
           knmi hra-bias: -0.25
  [GREINING @24klst hiti] Jolly 1.08 vs besti mfr 0.75 vs medaltal-medlima 1.19  (n=2)
           Jolly-spa bil: 4.7 - 5.5, medaltal 5.1 | maeling medaltal 6.2
           Jolly bias: -1.08  (0 = engin kerfisbundin skekkja)
           dmi hra-bias: -0.95
           knmi hra-bias: -1.05
  KRUFNING @1klst sky (maeling 75.0):
    dmi       hratt  100.0 -> leidrett   87.0  x thyngd 11.2%
    knmi      hratt  100.0 -> leidrett   88.0  x thyngd 10.5%
    ecmwf     hratt  100.0 -> leidrett   86.0  x thyngd 10.9%
    icon      hratt  100.0 -> leidrett   88.0  x thyngd 10.3%
    ukmo      hratt  100.0 -> leidrett   88.0  x thyngd 11.3%
    mfr       hratt   83.0 -> leidrett   71.0  x thyngd 12.0%
    gfs       hratt  100.0 -> leidrett   86.0  x thyngd 11.5%
    harmonie  hratt   90.0 -> leidrett   90.0  x thyngd 10.6%
    metno     hratt  100.0 -> leidrett   86.0  x thyngd 11.6%
    NOWCAST vid utgafu     -13.1  (METAR-leidretting)
    REIKNUD BLANDA          85.4
    GEYMD JOLLY-SPA         89.1   mismunur +3.7
    OSAMRAEMI: geymd spa passar EKKI vid blondu.
  Langtimasafn: +119 radir | 37431 samtals | 3 man (2026-08 - 2026-10)
    knmi slakt i att @1klst (MAE 56.5 = 3.1x besta 18.1) - vaegi haldid
    dmi kemur AFTUR INN i sky @3klst (3 godar spar i rod)
    mfr kemur AFTUR INN i urkoma @24klst (3 godar spar i rod)
    dmi kemur AFTUR INN i sky @24klst (3 godar spar i rod)
    knmi kemur AFTUR INN i sky @24klst (3 godar spar i rod)
  [hiti]
     1 klst  Jolly   0.45C  besti harmonie   0.46  ->  +1.3% BETRI  (n=446)
     3 klst  Jolly   0.66C  besti harmonie   0.42  -> -54.8% lakari  (n=447)
     6 klst  Jolly   0.75C  besti mfr        0.42  -> -77.8% lakari  (n=447)
    12 klst  Jolly   0.78C  besti mfr        0.43  -> -81.4% lakari  (n=445)
    24 klst  Jolly   0.74C  besti mfr        0.52  -> -40.5% lakari  (n=445)
    48 klst  Jolly   0.73C  besti ecmwf      0.59  -> -24.6% lakari  (n=443)
  [vindur]
     1 klst  Jolly   1.22m/s  besti icon       1.00  -> -21.5% lakari  (n=446)
     3 klst  Jolly   1.53m/s  besti ukmo       0.96  -> -59.7% lakari  (n=447)
     6 klst  Jolly   1.47m/s  besti harmonie   0.93  -> -58.3% lakari  (n=447)
    12 klst  Jolly   1.42m/s  besti knmi       1.09  -> -30.0% lakari  (n=445)
    24 klst  Jolly   2.09m/s  besti mfr        1.11  -> -88.4% lakari  (n=445)
    48 klst  Jolly   1.87m/s  besti ecmwf      1.00  -> -85.9% lakari  (n=443)
  [att]
     1 klst  Jolly  27.70gr  besti icon      18.13  -> -52.8% lakari  (n=387)
     3 klst  Jolly  29.21gr  besti ecmwf     19.53  -> -49.6% lakari  (n=386)
     6 klst  Jolly  30.82gr  besti ecmwf     20.23  -> -52.4% lakari  (n=386)
    12 klst  Jolly  28.82gr  besti ecmwf     21.74  -> -32.5% lakari  (n=384)
    24 klst  Jolly  31.35gr  besti mfr       22.01  -> -42.4% lakari  (n=391)
    48 klst  Jolly  25.50gr  besti ecmwf     23.37  ->  -9.1% lakari  (n=392)
  [urkoma]
     1 klst  Jolly   0.12mm  besti knmi       0.03  ->      - (MAE undir maelinakvaemni)  (n=169)
     3 klst  Jolly   0.12mm  besti mfr        0.03  ->      - (MAE undir maelinakvaemni)  (n=166)
     6 klst  Jolly   0.12mm  besti mfr        0.03  ->      - (MAE undir maelinakvaemni)  (n=164)
    12 klst  Jolly   0.21mm  besti gfs        0.03  ->      - (MAE undir maelinakvaemni)  (n=161)
    24 klst  Jolly   0.29mm  besti gfs        0.05  ->      - (MAE undir maelinakvaemni)  (n=153)
    48 klst  Jolly   0.20mm  besti ecmwf      0.06  -> -100.0% lakari  (n=135)
  [sky]
     1 klst  Jolly  10.98%  besti mfr       12.00  ->  +8.5% BETRI  (n=437)
     3 klst  Jolly  14.97%  besti mfr       11.48  -> -30.3% lakari  (n=438)
     6 klst  Jolly  17.57%  besti metno     12.29  -> -43.0% lakari  (n=437)
    12 klst  Jolly  13.20%  besti gfs       11.77  -> -12.2% lakari  (n=436)
    24 klst  Jolly  17.67%  besti metno     12.13  -> -45.7% lakari  (n=434)
    48 klst  Jolly  18.76%  besti gfs       10.38  -> -80.7% lakari  (n=432)
  Haest thyngd @6klst -> hiti: harmonie 15% | vindur: harmonie 15% | att: ecmwf 15% | urkoma: mfr 17% | sky: metno 13%
SPA:
  NOWCAST: mæling 6.3° kl 13:00 á móti blöndu 5.0° -> frávik +1.31° (aldur 0.1 klst)
  THRYSTINGUR: maeldur 994.9 hPa kl 13:00 | likon 995.6 | fravik -0.7
  NOWCAST VINDUR: maeling 6.8 m/s kl 13:00 a moti likonum 2.7 -> fravik +4.1 (aldur 0.1 klst)
  NOWCAST SKY: METAR 100% kl 13:00 á móti blöndu 86% -> frávik +14 (aldur 0.1 klst)
  [SPA-GREINING @0klst - berid saman vid maelingu ofar]
    hiti  : blanda 5.56 +0.14 -> 6.87
    vindur: blanda 2.93 +0.49 -> 7.03
    att   : blanda 286.3 +9.0 -> 286.3
    sky   : blanda 85.98 -1.2 -> 100
    medlimir i blondu: hiti=9 vindur=9 sky=9 att=9 (af 9)
    leidrettir medlimir hiti: [5.5, 5.5, 4.8, 5.0, 4.8, 5.6, 3.7, 6.0, 4.6]
    leidrettir medlimir vind: [1.3, 1.6, 3.3, 3.0, 4.5, 1.4, 3.8, 3.0, 3.7]
  [SPA-GREINING @1klst - berid saman vid maelingu ofar]
    hiti  : blanda 5.48 +0.14 -> 6.59
    vindur: blanda 2.91 +0.49 -> 5.85
    att   : blanda 281.0 +9.0 -> 281.0
    sky   : blanda 86.86 -1.2 -> 99
    medlimir i blondu: hiti=9 vindur=9 sky=9 att=9 (af 9)
    leidrettir medlimir hiti: [5.1, 5.1, 4.8, 5.1, 4.8, 5.9, 3.6, 6.0, 4.7]
    leidrettir medlimir vind: [1.2, 1.6, 3.2, 3.6, 4.4, 2.0, 3.9, 2.0, 3.8]
  OK 120 klst | 6 dagar | 20 timaraufir fylltar
  Jolly skrad i safnid: 6 spalengdir
YFIRLIT (@6 klst):
  gjafi      hiti        vindur      att         urkoma      sky
  dmi         0.5  14%   1.3  11%  46.6   8%   0.0  15%  18.0  10% 
  knmi        0.4  14%   1.1  12%  49.3   7%   0.0  15%  17.9  10% 
  ecmwf       0.6   9%   1.2  10%  20.2  15%   0.1   9%  13.7  11% 
  icon        0.5  10%   1.2  11%  24.6  13%   0.1   9%  13.3  12% 
  ukmo        0.5  10%   1.2  11%  22.6  14%   0.1   9%  13.7  11% 
  mfr         0.4  13%   1.2  10%  28.7  11%   0.0  17%  12.7  12% 
  gfs         0.8   7%   1.2  10%  26.8  12%   0.0  13%  13.1  12% 
  harmonie    0.4  15%   0.9  15%  39.4   8%   --gogn    18.4   9% 
  metno       0.7   8%   1.2  11%  24.4  13%   0.0  12%  12.3  13% 
  --------------------------------------------------------------
  JOLLY       0.8   -    1.5   -   30.8   -    0.1   -   17.6   -  
  restbias@1klst  (VIRK: - | OVIRK: hiti,vindur,att,sky)   hiti +0.14  vind +0.49  att +9.0  urk x0.60  sky -1.2
  restbias@3klst  (VIRK: - | OVIRK: hiti,vindur,att,sky)   hiti +0.47  vind +0.85  att +9.5  urk x0.60  sky -2.6
  restbias@6klst  (VIRK: - | OVIRK: hiti,vindur,att,sky)   hiti +0.71  vind +0.79  att +9.6  urk x0.60  sky -2.1
  restbias@12klst  (VIRK: - | OVIRK: hiti,vindur,att,sky)   hiti +0.39  vind +0.46  att +7.9  urk x0.60  sky -1.2
  restbias@24klst ⚡  (VIRK: - | OVIRK: hiti,vindur,att,sky)   hiti +0.69  vind +0.19  att +9.7  urk x0.60  sky -0.2
  restbias@48klst ⚡  (VIRK: - | OVIRK: hiti,vindur,att,sky)   hiti +0.32  vind +1.06  att +8.8  urk x0.60  sky +10.3

YFIRLIT HITA VID ALLAR SPALENGDIR (MAE í °C, þyngd í svigum):
  gjafi            1kl        3kl        6kl       12kl       24kl       48kl
  dmi        0.59(13%)  0.53(14%)  0.47(14%)  0.61(13%)  0.61(13%)  0.64(12%)
  knmi       0.52(13%)  0.57(12%)  0.45(14%)  0.62(12%)  0.61(12%)  0.66(12%)
  ecmwf      0.74( 9%)  0.72( 9%)  0.61( 9%)  0.72( 9%)  0.72(10%)  0.59(12%)
  icon       0.71( 9%)  0.69( 9%)  0.53(10%)  0.59(11%)  0.61(11%)  0.74( 9%)
  ukmo       0.62(10%)  0.64(10%)  0.55(10%)  0.70(10%)  0.75( 9%)  0.62(11%)
  mfr        0.53(12%)  0.51(12%)  0.42(13%)  0.43(15%)  0.52(13%)  0.60(11%)
  gfs        0.84( 8%)  0.79( 8%)  0.77( 7%)  0.83( 8%)  0.83( 8%)  0.73(10%)
  harmonie   0.46(17%)  0.42(17%)  0.45(15%)  0.59(13%)  0.61(13%)  0.68(12%)
  metno      0.78( 8%)  0.76( 8%)  0.73( 8%)  0.74( 9%)  0.61(11%)  0.66(11%)
  ---------------------------------------------------------------------------
  jolly     0.45(n446) 0.66(n447) 0.75(n447) 0.78(n445) 0.74(n445) 0.73(n443)
  SKILYRT HITABIAS (@1 klst, reitir med >= 3 por):
    dmi       N-dagur -0.29(n1264)  A-dagur -0.20(n375)  S-dagur +0.11(n1638)  V-dagur +0.36(n313)  N-nott +0.09(n193)  A-nott -0.07(n63)  S-nott -0.24(n271)  V-nott -0.19(n36)
    knmi      N-dagur -0.35(n1264)  A-dagur -0.22(n375)  S-dagur +0.10(n1638)  V-dagur +0.35(n313)  N-nott -0.06(n193)  A-nott -0.01(n63)  S-nott -0.21(n271)  V-nott -0.19(n36)
    ecmwf     N-dagur -0.75(n1264)  A-dagur -0.38(n375)  S-dagur +0.14(n1638)  V-dagur +0.31(n313)  N-nott -1.32(n193)  A-nott -2.38(n63)  S-nott -1.16(n271)  V-nott -1.29(n36)
    icon      N-dagur -0.52(n1264)  A-dagur -0.08(n375)  S-dagur +0.54(n1638)  V-dagur +0.57(n313)  N-nott -0.58(n193)  A-nott -1.41(n63)  S-nott -0.46(n271)  V-nott -0.63(n36)
    ukmo      N-dagur -1.05(n1264)  A-dagur -0.32(n375)  S-dagur +0.09(n1638)  V-dagur +0.48(n313)  N-nott -0.79(n193)  A-nott -1.23(n63)  S-nott -0.81(n271)  V-nott -0.51(n36)
    mfr       N-dagur +0.02(n1264)  A-dagur -0.48(n375)  S-dagur -0.10(n1638)  V-dagur +0.53(n313)  N-nott -0.94(n193)  A-nott -2.00(n63)  S-nott -1.49(n271)  V-nott -1.20(n36)
    gfs       N-dagur -0.86(n1264)  A-dagur -0.28(n375)  S-dagur +0.27(n1638)  V-dagur +0.57(n313)  N-nott -0.67(n193)  A-nott -1.47(n63)  S-nott -0.95(n271)  V-nott -0.72(n36)
    harmonie  N-dagur -0.29(n1269)  A-dagur -0.09(n371)  S-dagur +0.17(n1615)  V-dagur +0.03(n305)  N-nott +0.28(n160)  A-nott +0.73(n45)  S-nott +0.27(n236)  V-nott -0.42(n30)
    metno     N-dagur -0.73(n1316)  A-dagur -0.43(n388)  S-dagur -0.03(n1696)  V-dagur +0.29(n320)  N-nott -1.27(n193)  A-nott -2.35(n63)  S-nott -1.26(n271)  V-nott -1.21(n36)
  SKILYRT HITABIAS (@3 klst, reitir med >= 3 por):
    dmi       N-dagur -0.29(n1184)  A-dagur -0.20(n369)  S-dagur +0.10(n1621)  V-dagur +0.38(n311)  N-nott +0.11(n165)  A-nott -0.10(n60)  S-nott -0.30(n231)  V-nott +0.01(n31)
    knmi      N-dagur -0.34(n1184)  A-dagur -0.21(n369)  S-dagur +0.09(n1621)  V-dagur +0.38(n311)  N-nott -0.07(n165)  A-nott -0.05(n60)  S-nott -0.25(n231)  V-nott -0.05(n31)
    ecmwf     N-dagur -0.74(n1184)  A-dagur -0.43(n369)  S-dagur +0.16(n1621)  V-dagur +0.33(n311)  N-nott -1.45(n165)  A-nott -2.40(n60)  S-nott -1.22(n231)  V-nott -1.25(n31)
    icon      N-dagur -0.51(n1184)  A-dagur -0.13(n369)  S-dagur +0.54(n1621)  V-dagur +0.62(n311)  N-nott -0.66(n165)  A-nott -1.41(n60)  S-nott -0.48(n231)  V-nott -0.51(n31)
    ukmo      N-dagur -1.03(n1184)  A-dagur -0.35(n369)  S-dagur +0.10(n1621)  V-dagur +0.52(n311)  N-nott -0.83(n165)  A-nott -1.19(n60)  S-nott -0.82(n231)  V-nott -0.63(n31)
    mfr       N-dagur +0.02(n1184)  A-dagur -0.53(n369)  S-dagur -0.10(n1621)  V-dagur +0.55(n311)  N-nott -1.04(n165)  A-nott -1.98(n60)  S-nott -1.53(n231)  V-nott -1.10(n31)
    gfs       N-dagur -0.85(n1184)  A-dagur -0.33(n369)  S-dagur +0.29(n1621)  V-dagur +0.64(n311)  N-nott -0.62(n165)  A-nott -1.41(n60)  S-nott -0.98(n231)  V-nott -0.60(n31)
    harmonie  N-dagur -0.26(n1198)  A-dagur -0.08(n374)  S-dagur +0.18(n1643)  V-dagur +0.09(n314)  N-nott +0.21(n164)  A-nott -0.00(n57)  S-nott +0.24(n230)  V-nott -0.05(n30)
    metno     N-dagur -0.72(n1221)  A-dagur -0.44(n377)  S-dagur -0.01(n1663)  V-dagur +0.32(n318)  N-nott -1.38(n169)  A-nott -2.37(n60)  S-nott -1.34(n236)  V-nott -1.14(n31)
  SKILYRT HITABIAS (@6 klst, reitir med >= 3 por):
    dmi       N-dagur -0.33(n1135)  A-dagur -0.24(n334)  S-dagur +0.10(n1550)  V-dagur +0.36(n304)  N-nott +0.15(n181)  A-nott -0.10(n53)  S-nott -0.33(n264)  V-nott -0.19(n36)
    knmi      N-dagur -0.37(n1135)  A-dagur -0.24(n334)  S-dagur +0.10(n1550)  V-dagur +0.36(n304)  N-nott -0.01(n181)  A-nott -0.01(n53)  S-nott -0.30(n264)  V-nott -0.19(n36)
    ecmwf     N-dagur -0.77(n1135)  A-dagur -0.37(n334)  S-dagur +0.13(n1550)  V-dagur +0.34(n304)  N-nott -1.25(n181)  A-nott -2.44(n53)  S-nott -1.23(n264)  V-nott -1.29(n36)
    icon      N-dagur -0.54(n1135)  A-dagur -0.09(n334)  S-dagur +0.52(n1550)  V-dagur +0.59(n304)  N-nott -0.51(n181)  A-nott -1.45(n53)  S-nott -0.53(n264)  V-nott -0.63(n36)
    ukmo      N-dagur -1.09(n1135)  A-dagur -0.30(n334)  S-dagur +0.09(n1550)  V-dagur +0.55(n304)  N-nott -0.71(n181)  A-nott -1.25(n53)  S-nott -0.90(n264)  V-nott -0.51(n36)
    mfr       N-dagur +0.02(n1135)  A-dagur -0.51(n334)  S-dagur -0.13(n1550)  V-dagur +0.56(n304)  N-nott -0.92(n181)  A-nott -2.09(n53)  S-nott -1.58(n264)  V-nott -1.20(n36)
    gfs       N-dagur -0.88(n1135)  A-dagur -0.27(n334)  S-dagur +0.28(n1550)  V-dagur +0.61(n304)  N-nott -0.55(n181)  A-nott -1.46(n53)  S-nott -1.05(n264)  V-nott -0.72(n36)
    harmonie  N-dagur -0.30(n1162)  A-dagur -0.16(n348)  S-dagur +0.18(n1555)  V-dagur +0.04(n306)  N-nott +0.29(n175)  A-nott -0.17(n50)  S-nott +0.15(n258)  V-nott -0.41(n35)
    metno     N-dagur -0.74(n1182)  A-dagur -0.41(n350)  S-dagur -0.03(n1585)  V-dagur +0.30(n310)  N-nott -1.19(n181)  A-nott -2.49(n53)  S-nott -1.36(n264)  V-nott -1.21(n36)
  SKILYRT HITABIAS (@12 klst, reitir med >= 3 por):
    dmi       N-dagur -0.30(n1072)  A-dagur -0.23(n338)  S-dagur +0.11(n1556)  V-dagur +0.36(n310)  N-nott +0.13(n182)  A-nott -0.07(n63)  S-nott -0.21(n268)  V-nott -0.19(n36)
    knmi      N-dagur -0.35(n1072)  A-dagur -0.24(n338)  S-dagur +0.10(n1556)  V-dagur +0.34(n310)  N-nott -0.02(n182)  A-nott -0.01(n63)  S-nott -0.17(n268)  V-nott -0.19(n36)
    ecmwf     N-dagur -0.76(n1072)  A-dagur -0.43(n338)  S-dagur +0.13(n1556)  V-dagur +0.30(n310)  N-nott -1.26(n182)  A-nott -2.38(n63)  S-nott -1.13(n268)  V-nott -1.29(n36)
    icon      N-dagur -0.52(n1072)  A-dagur -0.16(n338)  S-dagur +0.50(n1556)  V-dagur +0.57(n310)  N-nott -0.54(n182)  A-nott -1.41(n63)  S-nott -0.40(n268)  V-nott -0.63(n36)
    ukmo      N-dagur -1.09(n1072)  A-dagur -0.41(n338)  S-dagur +0.10(n1556)  V-dagur +0.51(n310)  N-nott -0.73(n182)  A-nott -1.23(n63)  S-nott -0.78(n268)  V-nott -0.51(n36)
    mfr       N-dagur -0.00(n1072)  A-dagur -0.56(n338)  S-dagur -0.15(n1556)  V-dagur +0.51(n310)  N-nott -0.87(n182)  A-nott -2.00(n63)  S-nott -1.47(n268)  V-nott -1.20(n36)
    gfs       N-dagur -0.85(n1072)  A-dagur -0.31(n338)  S-dagur +0.29(n1556)  V-dagur +0.58(n310)  N-nott -0.64(n182)  A-nott -1.47(n63)  S-nott -0.95(n268)  V-nott -0.72(n36)
    harmonie  N-dagur -0.30(n1109)  A-dagur -0.13(n351)  S-dagur +0.19(n1570)  V-dagur +0.05(n311)  N-nott +0.28(n176)  A-nott -0.00(n60)  S-nott +0.29(n261)  V-nott -0.41(n35)
    metno     N-dagur -0.73(n1122)  A-dagur -0.44(n354)  S-dagur -0.04(n1594)  V-dagur +0.27(n314)  N-nott -1.21(n182)  A-nott -2.35(n63)  S-nott -1.24(n268)  V-nott -1.21(n36)
  SKILYRT HITABIAS (@24 klst, reitir med >= 3 por):
    dmi       N-dagur -0.31(n1132)  A-dagur -0.27(n351)  S-dagur +0.10(n1621)  V-dagur +0.31(n297)  N-nott +0.12(n185)  A-nott -0.07(n63)  S-nott -0.12(n265)  V-nott -0.19(n36)
    knmi      N-dagur -0.37(n1132)  A-dagur -0.27(n351)  S-dagur +0.09(n1621)  V-dagur +0.32(n297)  N-nott -0.03(n185)  A-nott -0.01(n63)  S-nott -0.10(n265)  V-nott -0.19(n36)
    ecmwf     N-dagur -0.79(n1132)  A-dagur -0.40(n351)  S-dagur +0.16(n1621)  V-dagur +0.30(n297)  N-nott -1.34(n185)  A-nott -2.38(n63)  S-nott -1.08(n265)  V-nott -1.29(n36)
    icon      N-dagur -0.52(n1132)  A-dagur -0.10(n351)  S-dagur +0.56(n1621)  V-dagur +0.57(n297)  N-nott -0.59(n185)  A-nott -1.41(n63)  S-nott -0.34(n265)  V-nott -0.63(n36)
    ukmo      N-dagur -1.07(n1132)  A-dagur -0.37(n351)  S-dagur +0.09(n1621)  V-dagur +0.50(n297)  N-nott -0.74(n185)  A-nott -1.23(n63)  S-nott -0.72(n265)  V-nott -0.51(n36)
    mfr       N-dagur +0.01(n1132)  A-dagur -0.52(n351)  S-dagur -0.09(n1621)  V-dagur +0.47(n297)  N-nott -0.97(n185)  A-nott -2.00(n63)  S-nott -1.39(n265)  V-nott -1.20(n36)
    gfs       N-dagur -0.89(n1132)  A-dagur -0.31(n351)  S-dagur +0.29(n1621)  V-dagur +0.56(n297)  N-nott -0.64(n185)  A-nott -1.47(n63)  S-nott -0.88(n265)  V-nott -0.72(n36)
    harmonie  N-dagur -0.33(n1156)  A-dagur -0.12(n365)  S-dagur +0.19(n1634)  V-dagur +0.00(n297)  N-nott +0.27(n179)  A-nott -0.00(n60)  S-nott +0.35(n259)  V-nott -0.41(n35)
    metno     N-dagur -0.76(n1176)  A-dagur -0.42(n368)  S-dagur -0.01(n1661)  V-dagur +0.28(n303)  N-nott -1.29(n185)  A-nott -2.35(n63)  S-nott -1.18(n265)  V-nott -1.21(n36)
  SKILYRT HITABIAS (@48 klst, reitir med >= 3 por):
    dmi       N-dagur -0.25(n1056)  A-dagur +0.07(n328)  S-dagur +0.11(n1594)  V-dagur +0.30(n272)  N-nott +0.20(n159)  A-nott -0.07(n63)  S-nott -0.12(n265)  V-nott -0.19(n36)
    knmi      N-dagur -0.31(n1056)  A-dagur +0.03(n328)  S-dagur +0.10(n1594)  V-dagur +0.30(n272)  N-nott +0.11(n159)  A-nott -0.01(n63)  S-nott -0.10(n265)  V-nott -0.19(n36)
    ecmwf     N-dagur -0.72(n1056)  A-dagur -0.07(n328)  S-dagur +0.16(n1594)  V-dagur +0.27(n272)  N-nott -1.38(n159)  A-nott -2.38(n63)  S-nott -1.08(n265)  V-nott -1.29(n36)
    icon      N-dagur -0.46(n1056)  A-dagur +0.22(n328)  S-dagur +0.58(n1594)  V-dagur +0.53(n272)  N-nott -0.60(n159)  A-nott -1.41(n63)  S-nott -0.34(n265)  V-nott -0.63(n36)
    ukmo      N-dagur -1.02(n1056)  A-dagur -0.16(n328)  S-dagur +0.11(n1594)  V-dagur +0.43(n272)  N-nott -0.74(n159)  A-nott -1.23(n63)  S-nott -0.72(n265)  V-nott -0.51(n36)
    mfr       N-dagur +0.08(n1056)  A-dagur -0.22(n328)  S-dagur -0.08(n1594)  V-dagur +0.45(n272)  N-nott -0.97(n159)  A-nott -2.00(n63)  S-nott -1.39(n265)  V-nott -1.20(n36)
    gfs       N-dagur -0.85(n1056)  A-dagur +0.06(n328)  S-dagur +0.31(n1594)  V-dagur +0.57(n272)  N-nott -0.69(n159)  A-nott -1.47(n63)  S-nott -0.88(n265)  V-nott -0.72(n36)
    harmonie  N-dagur -0.27(n1091)  A-dagur +0.06(n342)  S-dagur +0.20(n1610)  V-dagur -0.01(n271)  N-nott +0.39(n153)  A-nott -0.00(n60)  S-nott +0.35(n259)  V-nott -0.41(n35)
    metno     N-dagur -0.71(n1106)  A-dagur -0.16(n345)  S-dagur -0.01(n1636)  V-dagur +0.26(n275)  N-nott -1.32(n159)  A-nott -2.35(n63)  S-nott -1.18(n265)  V-nott -1.21(n36)
  SKILYRT VINDBIAS (@1 klst, reitir med >= 3 por):
    dmi       N-dagur +1.28(n1264)  A-dagur -0.73(n375)  S-dagur +0.33(n1638)  V-dagur +0.98(n313)  N-nott +0.60(n193)  A-nott +0.50(n63)  S-nott +0.50(n271)  V-nott -0.63(n36)
    knmi      N-dagur +1.39(n1264)  A-dagur -0.80(n375)  S-dagur +0.37(n1638)  V-dagur +1.02(n313)  N-nott +0.60(n193)  A-nott +0.54(n63)  S-nott +0.59(n271)  V-nott -0.56(n36)
    ecmwf     N-dagur +1.98(n1264)  A-dagur +1.11(n375)  S-dagur +1.41(n1638)  V-dagur +0.88(n313)  N-nott +1.10(n193)  A-nott +0.77(n63)  S-nott +1.40(n271)  V-nott -0.04(n36)
    icon      N-dagur +1.36(n1264)  A-dagur -0.38(n375)  S-dagur +0.14(n1638)  V-dagur +0.51(n313)  N-nott +0.37(n193)  A-nott +0.29(n63)  S-nott +0.50(n271)  V-nott -0.44(n36)
    ukmo      N-dagur +2.03(n1264)  A-dagur +0.02(n375)  S-dagur +0.87(n1638)  V-dagur +0.46(n313)  N-nott +1.25(n193)  A-nott +0.67(n63)  S-nott +0.91(n271)  V-nott -0.43(n36)
    mfr       N-dagur +1.30(n1264)  A-dagur +0.03(n375)  S-dagur +0.59(n1638)  V-dagur +0.77(n313)  N-nott +0.29(n193)  A-nott -0.04(n63)  S-nott +0.52(n271)  V-nott -1.14(n36)
    gfs       N-dagur +1.07(n1264)  A-dagur -0.46(n375)  S-dagur -0.09(n1638)  V-dagur -0.54(n313)  N-nott -0.24(n193)  A-nott -0.37(n63)  S-nott -0.20(n271)  V-nott -0.75(n36)
    harmonie  N-dagur +1.20(n1269)  A-dagur -0.71(n371)  S-dagur +0.41(n1615)  V-dagur +0.96(n305)  N-nott +0.33(n160)  A-nott +0.76(n45)  S-nott +0.59(n236)  V-nott -0.33(n30)
    metno     N-dagur +1.06(n1316)  A-dagur +0.05(n388)  S-dagur +0.59(n1696)  V-dagur +0.12(n320)  N-nott +0.68(n193)  A-nott +0.46(n63)  S-nott +0.87(n271)  V-nott -0.82(n36)
  SKILYRT VINDBIAS (@3 klst, reitir med >= 3 por):
    dmi       N-dagur +1.27(n1184)  A-dagur -0.65(n369)  S-dagur +0.31(n1621)  V-dagur +0.94(n311)  N-nott +0.51(n165)  A-nott +0.57(n60)  S-nott +0.51(n231)  V-nott -0.63(n31)
    knmi      N-dagur +1.38(n1184)  A-dagur -0.72(n369)  S-dagur +0.35(n1621)  V-dagur +0.98(n311)  N-nott +0.51(n165)  A-nott +0.61(n60)  S-nott +0.60(n231)  V-nott -0.58(n31)
    ecmwf     N-dagur +1.96(n1184)  A-dagur +1.14(n369)  S-dagur +1.42(n1621)  V-dagur +0.82(n311)  N-nott +0.98(n165)  A-nott +0.80(n60)  S-nott +1.43(n231)  V-nott -0.06(n31)
    icon      N-dagur +1.38(n1184)  A-dagur -0.37(n369)  S-dagur +0.12(n1621)  V-dagur +0.47(n311)  N-nott +0.32(n165)  A-nott +0.34(n60)  S-nott +0.52(n231)  V-nott -0.44(n31)
    ukmo      N-dagur +2.04(n1184)  A-dagur +0.05(n369)  S-dagur +0.87(n1621)  V-dagur +0.39(n311)  N-nott +1.12(n165)  A-nott +0.73(n60)  S-nott +0.94(n231)  V-nott -0.50(n31)
    mfr       N-dagur +1.29(n1184)  A-dagur +0.04(n369)  S-dagur +0.57(n1621)  V-dagur +0.72(n311)  N-nott +0.21(n165)  A-nott +0.00(n60)  S-nott +0.57(n231)  V-nott -1.08(n31)
    gfs       N-dagur +1.07(n1184)  A-dagur -0.42(n369)  S-dagur -0.09(n1621)  V-dagur -0.59(n311)  N-nott -0.37(n165)  A-nott -0.35(n60)  S-nott -0.21(n231)  V-nott -0.70(n31)
    harmonie  N-dagur +1.18(n1198)  A-dagur -0.70(n374)  S-dagur +0.41(n1643)  V-dagur +0.98(n314)  N-nott +0.31(n164)  A-nott +0.49(n57)  S-nott +0.59(n230)  V-nott -0.30(n30)
    metno     N-dagur +1.05(n1221)  A-dagur +0.11(n377)  S-dagur +0.59(n1663)  V-dagur +0.07(n318)  N-nott +0.65(n169)  A-nott +0.49(n60)  S-nott +0.87(n236)  V-nott -0.73(n31)
  SKILYRT VINDBIAS (@6 klst, reitir med >= 3 por):
    dmi       N-dagur +1.32(n1135)  A-dagur -0.64(n334)  S-dagur +0.30(n1550)  V-dagur +1.01(n304)  N-nott +0.57(n181)  A-nott +0.49(n53)  S-nott +0.47(n264)  V-nott -0.63(n36)
    knmi      N-dagur +1.43(n1135)  A-dagur -0.72(n334)  S-dagur +0.34(n1550)  V-dagur +1.05(n304)  N-nott +0.58(n181)  A-nott +0.54(n53)  S-nott +0.56(n264)  V-nott -0.56(n36)
    ecmwf     N-dagur +2.00(n1135)  A-dagur +1.21(n334)  S-dagur +1.44(n1550)  V-dagur +0.90(n304)  N-nott +1.05(n181)  A-nott +0.73(n53)  S-nott +1.36(n264)  V-nott -0.04(n36)
    icon      N-dagur +1.42(n1135)  A-dagur -0.37(n334)  S-dagur +0.12(n1550)  V-dagur +0.51(n304)  N-nott +0.28(n181)  A-nott +0.40(n53)  S-nott +0.45(n264)  V-nott -0.44(n36)
    ukmo      N-dagur +2.09(n1135)  A-dagur +0.03(n334)  S-dagur +0.86(n1550)  V-dagur +0.49(n304)  N-nott +1.17(n181)  A-nott +0.78(n53)  S-nott +0.86(n264)  V-nott -0.43(n36)
    mfr       N-dagur +1.33(n1135)  A-dagur +0.06(n334)  S-dagur +0.57(n1550)  V-dagur +0.78(n304)  N-nott +0.25(n181)  A-nott +0.07(n53)  S-nott +0.46(n264)  V-nott -1.14(n36)
    gfs       N-dagur +1.11(n1135)  A-dagur -0.47(n334)  S-dagur -0.08(n1550)  V-dagur -0.57(n304)  N-nott -0.26(n181)  A-nott -0.33(n53)  S-nott -0.28(n264)  V-nott -0.75(n36)
    harmonie  N-dagur +1.20(n1162)  A-dagur -0.76(n348)  S-dagur +0.38(n1555)  V-dagur +1.00(n306)  N-nott +0.35(n175)  A-nott +0.40(n50)  S-nott +0.59(n258)  V-nott -0.36(n35)
    metno     N-dagur +1.07(n1182)  A-dagur +0.11(n350)  S-dagur +0.59(n1585)  V-dagur +0.14(n310)  N-nott +0.66(n181)  A-nott +0.43(n53)  S-nott +0.81(n264)  V-nott -0.82(n36)
  SKILYRT VINDBIAS (@12 klst, reitir med >= 3 por):
    dmi       N-dagur +1.21(n1072)  A-dagur -0.53(n338)  S-dagur +0.28(n1556)  V-dagur +0.96(n310)  N-nott +0.49(n182)  A-nott +0.50(n63)  S-nott +0.50(n268)  V-nott -0.63(n36)
    knmi      N-dagur +1.33(n1072)  A-dagur -0.61(n338)  S-dagur +0.33(n1556)  V-dagur +0.99(n310)  N-nott +0.50(n182)  A-nott +0.54(n63)  S-nott +0.58(n268)  V-nott -0.56(n36)
    ecmwf     N-dagur +1.91(n1072)  A-dagur +1.20(n338)  S-dagur +1.40(n1556)  V-dagur +0.84(n310)  N-nott +0.99(n182)  A-nott +0.77(n63)  S-nott +1.42(n268)  V-nott -0.04(n36)
    icon      N-dagur +1.31(n1072)  A-dagur -0.30(n338)  S-dagur +0.11(n1556)  V-dagur +0.46(n310)  N-nott +0.26(n182)  A-nott +0.29(n63)  S-nott +0.50(n268)  V-nott -0.44(n36)
    ukmo      N-dagur +1.98(n1072)  A-dagur +0.08(n338)  S-dagur +0.84(n1556)  V-dagur +0.44(n310)  N-nott +1.11(n182)  A-nott +0.67(n63)  S-nott +0.93(n268)  V-nott -0.43(n36)
    mfr       N-dagur +1.24(n1072)  A-dagur +0.06(n338)  S-dagur +0.54(n1556)  V-dagur +0.74(n310)  N-nott +0.17(n182)  A-nott -0.04(n63)  S-nott +0.50(n268)  V-nott -1.14(n36)
    gfs       N-dagur +1.01(n1072)  A-dagur -0.38(n338)  S-dagur -0.12(n1556)  V-dagur -0.65(n310)  N-nott -0.34(n182)  A-nott -0.37(n63)  S-nott -0.23(n268)  V-nott -0.75(n36)
    harmonie  N-dagur +1.15(n1109)  A-dagur -0.75(n351)  S-dagur +0.36(n1570)  V-dagur +0.99(n311)  N-nott +0.28(n176)  A-nott +0.42(n60)  S-nott +0.64(n261)  V-nott -0.36(n35)
    metno     N-dagur +1.00(n1122)  A-dagur +0.11(n354)  S-dagur +0.56(n1594)  V-dagur +0.08(n314)  N-nott +0.58(n182)  A-nott +0.46(n63)  S-nott +0.87(n268)  V-nott -0.82(n36)
  SKILYRT VINDBIAS (@24 klst, reitir med >= 3 por):
    dmi       N-dagur +1.22(n1132)  A-dagur -0.77(n351)  S-dagur +0.35(n1621)  V-dagur +1.02(n297)  N-nott +0.50(n185)  A-nott +0.50(n63)  S-nott +0.55(n265)  V-nott -0.63(n36)
    knmi      N-dagur +1.33(n1132)  A-dagur -0.84(n351)  S-dagur +0.39(n1621)  V-dagur +1.05(n297)  N-nott +0.50(n185)  A-nott +0.54(n63)  S-nott +0.64(n265)  V-nott -0.56(n36)
    ecmwf     N-dagur +1.93(n1132)  A-dagur +1.13(n351)  S-dagur +1.47(n1621)  V-dagur +0.89(n297)  N-nott +0.99(n185)  A-nott +0.77(n63)  S-nott +1.46(n265)  V-nott -0.04(n36)
    icon      N-dagur +1.34(n1132)  A-dagur -0.44(n351)  S-dagur +0.16(n1621)  V-dagur +0.53(n297)  N-nott +0.29(n185)  A-nott +0.29(n63)  S-nott +0.55(n265)  V-nott -0.44(n36)
    ukmo      N-dagur +1.93(n1132)  A-dagur -0.01(n351)  S-dagur +0.91(n1621)  V-dagur +0.49(n297)  N-nott +1.08(n185)  A-nott +0.67(n63)  S-nott +0.99(n265)  V-nott -0.43(n36)
    mfr       N-dagur +1.24(n1132)  A-dagur +0.05(n351)  S-dagur +0.61(n1621)  V-dagur +0.83(n297)  N-nott +0.19(n185)  A-nott -0.04(n63)  S-nott +0.56(n265)  V-nott -1.14(n36)
    gfs       N-dagur +1.06(n1132)  A-dagur -0.51(n351)  S-dagur -0.08(n1621)  V-dagur -0.58(n297)  N-nott -0.36(n185)  A-nott -0.37(n63)  S-nott -0.17(n265)  V-nott -0.75(n36)
    harmonie  N-dagur +1.14(n1156)  A-dagur -0.83(n365)  S-dagur +0.43(n1634)  V-dagur +1.02(n297)  N-nott +0.28(n179)  A-nott +0.42(n60)  S-nott +0.68(n259)  V-nott -0.36(n35)
    metno     N-dagur +0.98(n1176)  A-dagur +0.05(n368)  S-dagur +0.62(n1661)  V-dagur +0.13(n303)  N-nott +0.57(n185)  A-nott +0.46(n63)  S-nott +0.93(n265)  V-nott -0.82(n36)
  SKILYRT VINDBIAS (@48 klst, reitir med >= 3 por):
    dmi       N-dagur +1.20(n1056)  A-dagur -0.80(n328)  S-dagur +0.36(n1594)  V-dagur +1.08(n272)  N-nott +0.34(n159)  A-nott +0.50(n63)  S-nott +0.55(n265)  V-nott -0.63(n36)
    knmi      N-dagur +1.31(n1056)  A-dagur -0.89(n328)  S-dagur +0.39(n1594)  V-dagur +1.12(n272)  N-nott +0.36(n159)  A-nott +0.54(n63)  S-nott +0.64(n265)  V-nott -0.56(n36)
    ecmwf     N-dagur +1.88(n1056)  A-dagur +1.16(n328)  S-dagur +1.47(n1594)  V-dagur +0.94(n272)  N-nott +0.83(n159)  A-nott +0.77(n63)  S-nott +1.46(n265)  V-nott -0.04(n36)
    icon      N-dagur +1.33(n1056)  A-dagur -0.34(n328)  S-dagur +0.18(n1594)  V-dagur +0.62(n272)  N-nott +0.23(n159)  A-nott +0.29(n63)  S-nott +0.55(n265)  V-nott -0.44(n36)
    ukmo      N-dagur +1.97(n1056)  A-dagur +0.08(n328)  S-dagur +0.94(n1594)  V-dagur +0.50(n272)  N-nott +0.89(n159)  A-nott +0.67(n63)  S-nott +0.99(n265)  V-nott -0.43(n36)
    mfr       N-dagur +1.21(n1056)  A-dagur +0.06(n328)  S-dagur +0.62(n1594)  V-dagur +0.91(n272)  N-nott -0.02(n159)  A-nott -0.04(n63)  S-nott +0.56(n265)  V-nott -1.14(n36)
    gfs       N-dagur +1.03(n1056)  A-dagur -0.48(n328)  S-dagur -0.07(n1594)  V-dagur -0.50(n272)  N-nott -0.35(n159)  A-nott -0.37(n63)  S-nott -0.17(n265)  V-nott -0.75(n36)
    harmonie  N-dagur +1.09(n1091)  A-dagur -0.87(n342)  S-dagur +0.44(n1610)  V-dagur +1.11(n271)  N-nott +0.11(n153)  A-nott +0.42(n60)  S-nott +0.68(n259)  V-nott -0.36(n35)
    metno     N-dagur +0.94(n1106)  A-dagur +0.03(n345)  S-dagur +0.63(n1636)  V-dagur +0.22(n275)  N-nott +0.43(n159)  A-nott +0.46(n63)  S-nott +0.93(n265)  V-nott -0.82(n36)
  SKYJAKORT (@1 klst, flokkar med >= 6 por, nafnvirdi fyrir spalengdar-deyfingu):
    dmi       heidskirt +26.7(n130)  lettskyjad +29.8(n33)  skyjad_hluta +3.2(n26)  halfskyjad -21.8(n28)  mestu_skyjad -47.3(n27)  alskyjad -31.8(n293)
    knmi      heidskirt +26.9(n126)  lettskyjad +26.7(n30)  skyjad_hluta -1.2(n18)  halfskyjad -19.4(n26)  mestu_skyjad -40.4(n31)  alskyjad -33.7(n306)
    ecmwf     heidskirt +3.2(n29)  lettskyjad +0.4(n49)  skyjad_hluta +4.5(n91)  halfskyjad -8.1(n116)  mestu_skyjad -24.5(n62)  alskyjad -34.3(n190)
    icon      heidskirt +7.8(n31)  lettskyjad +4.8(n49)  skyjad_hluta -7.9(n72)  halfskyjad -10.2(n105)  mestu_skyjad -23.3(n73)  alskyjad -31.9(n207)
    ukmo      heidskirt +18.4(n68)  lettskyjad +19.7(n36)  skyjad_hluta +6.4(n67)  halfskyjad -21.7(n67)  mestu_skyjad -32.5(n70)  alskyjad -31.6(n229)
    mfr       heidskirt +31.1(n89)  lettskyjad +25.3(n65)  skyjad_hluta -3.1(n70)  halfskyjad -12.9(n93)  mestu_skyjad -33.3(n60)  alskyjad -27.1(n160)
    gfs       heidskirt +21.6(n91)  lettskyjad +12.3(n38)  skyjad_hluta -4.4(n20)  halfskyjad -13.0(n34)  mestu_skyjad -24.5(n20)  alskyjad -36.0(n334)
    harmonie  heidskirt +23.4(n96)  skyjad_hluta +4.9(n50)  halfskyjad -20.9(n75)  mestu_skyjad -7.3(n98)  alskyjad -36.6(n195)
    metno     heidskirt +11.9(n32)  lettskyjad -10.3(n49)  skyjad_hluta -12.9(n60)  halfskyjad -17.2(n107)  mestu_skyjad -31.0(n89)  alskyjad -24.6(n213)
  SKYJAKORT (@3 klst, flokkar med >= 6 por, nafnvirdi fyrir spalengdar-deyfingu):
    dmi       heidskirt +27.8(n132)  lettskyjad +28.8(n27)  skyjad_hluta -2.0(n28)  halfskyjad -24.3(n31)  mestu_skyjad -35.9(n21)  alskyjad -33.1(n301)
    knmi      heidskirt +28.1(n139)  lettskyjad +31.6(n25)  skyjad_hluta +5.1(n28)  halfskyjad -23.1(n27)  mestu_skyjad -44.3(n26)  alskyjad -32.4(n295)
    ecmwf     heidskirt +5.0(n26)  lettskyjad -2.4(n49)  skyjad_hluta +8.0(n98)  halfskyjad -12.9(n120)  mestu_skyjad -18.1(n60)  alskyjad -35.4(n187)
    icon      heidskirt +7.8(n37)  lettskyjad +3.0(n41)  skyjad_hluta -9.1(n80)  halfskyjad -7.2(n93)  mestu_skyjad -23.4(n92)  alskyjad -32.2(n197)
    ukmo      heidskirt +21.1(n77)  lettskyjad +15.5(n37)  skyjad_hluta +3.4(n57)  halfskyjad -17.1(n60)  mestu_skyjad -23.5(n70)  alskyjad -34.3(n239)
    mfr       heidskirt +31.7(n92)  lettskyjad +24.8(n59)  skyjad_hluta +1.8(n71)  halfskyjad -14.9(n91)  mestu_skyjad -31.4(n74)  alskyjad -27.4(n153)
    gfs       heidskirt +24.8(n96)  lettskyjad +12.8(n35)  skyjad_hluta -1.5(n19)  halfskyjad -21.5(n34)  mestu_skyjad -20.1(n12)  alskyjad -36.5(n344)
    harmonie  heidskirt +23.8(n107)  skyjad_hluta +5.5(n54)  halfskyjad -22.2(n83)  mestu_skyjad -6.7(n100)  alskyjad -36.4(n206)
    metno     heidskirt +7.0(n33)  lettskyjad -5.6(n50)  skyjad_hluta -15.1(n60)  halfskyjad -14.3(n98)  mestu_skyjad -29.3(n97)  alskyjad -27.2(n215)
  SKYJAKORT (@6 klst, flokkar med >= 6 por, nafnvirdi fyrir spalengdar-deyfingu):
    dmi       heidskirt +30.2(n143)  lettskyjad +24.3(n26)  skyjad_hluta +8.9(n24)  halfskyjad -18.0(n27)  mestu_skyjad -46.4(n35)  alskyjad -34.3(n285)
    knmi      heidskirt +31.9(n141)  lettskyjad +17.8(n29)  skyjad_hluta -8.7(n15)  halfskyjad -28.3(n33)  mestu_skyjad -44.3(n34)  alskyjad -33.2(n288)
    ecmwf     heidskirt +4.6(n25)  lettskyjad +0.6(n57)  skyjad_hluta +2.6(n84)  halfskyjad -7.8(n130)  mestu_skyjad -25.5(n44)  alskyjad -37.1(n200)
    icon      heidskirt +10.8(n41)  lettskyjad -1.6(n44)  skyjad_hluta -3.7(n78)  halfskyjad -6.5(n101)  mestu_skyjad -30.6(n73)  alskyjad -33.0(n203)
    ukmo      heidskirt +23.9(n76)  lettskyjad +8.9(n31)  skyjad_hluta +0.3(n61)  halfskyjad -20.8(n74)  mestu_skyjad -19.9(n62)  alskyjad -35.1(n236)
    mfr       heidskirt +30.6(n101)  lettskyjad +23.1(n61)  skyjad_hluta +3.2(n71)  halfskyjad -17.4(n82)  mestu_skyjad -30.7(n67)  alskyjad -28.7(n158)
    gfs       heidskirt +25.9(n99)  lettskyjad +19.8(n32)  skyjad_hluta -9.6(n19)  halfskyjad -23.0(n37)  mestu_skyjad -23.2(n15)  alskyjad -37.7(n338)
    harmonie  heidskirt +27.2(n113)  skyjad_hluta -2.0(n49)  halfskyjad -24.5(n83)  mestu_skyjad -5.5(n103)  alskyjad -39.5(n202)
    metno     heidskirt +4.7(n28)  lettskyjad -1.9(n49)  skyjad_hluta -10.3(n62)  halfskyjad -16.9(n100)  mestu_skyjad -34.2(n100)  alskyjad -28.5(n214)
  SKYJAKORT (@12 klst, flokkar med >= 6 por, nafnvirdi fyrir spalengdar-deyfingu):
    dmi       heidskirt +32.6(n140)  lettskyjad +31.3(n31)  skyjad_hluta +0.4(n19)  halfskyjad -33.0(n23)  mestu_skyjad -33.6(n30)  alskyjad -33.0(n297)
    knmi      heidskirt +32.2(n142)  lettskyjad +32.5(n27)  skyjad_hluta -2.8(n24)  halfskyjad -17.0(n25)  mestu_skyjad -48.6(n25)  alskyjad -32.9(n297)
    ecmwf     heidskirt +2.5(n19)  lettskyjad +8.4(n63)  skyjad_hluta +6.8(n91)  halfskyjad -15.7(n111)  mestu_skyjad -27.9(n55)  alskyjad -31.3(n201)
    icon      heidskirt +9.2(n36)  lettskyjad +8.7(n38)  skyjad_hluta -4.9(n82)  halfskyjad -3.6(n93)  mestu_skyjad -26.8(n81)  alskyjad -34.3(n210)
    ukmo      heidskirt +22.9(n77)  lettskyjad +26.3(n35)  skyjad_hluta +1.6(n54)  halfskyjad -16.2(n71)  mestu_skyjad -26.6(n76)  alskyjad -32.9(n227)
    mfr       heidskirt +32.4(n95)  lettskyjad +25.1(n59)  skyjad_hluta +5.1(n76)  halfskyjad -14.2(n84)  mestu_skyjad -24.8(n57)  alskyjad -29.9(n169)
    gfs       heidskirt +25.1(n95)  lettskyjad +16.4(n34)  skyjad_hluta -14.8(n17)  halfskyjad -10.9(n36)  mestu_skyjad -34.7(n18)  alskyjad -35.3(n340)
    harmonie  heidskirt +27.2(n110)  skyjad_hluta +18.3(n49)  halfskyjad -26.9(n92)  mestu_skyjad -2.3(n96)  alskyjad -37.7(n202)
    metno     heidskirt +4.2(n23)  lettskyjad +0.9(n52)  skyjad_hluta -3.5(n68)  halfskyjad -22.2(n90)  mestu_skyjad -32.8(n108)  alskyjad -24.2(n211)
  SKYJAKORT (@24 klst, flokkar med >= 6 por, nafnvirdi fyrir spalengdar-deyfingu):
    dmi       heidskirt +31.6(n136)  lettskyjad +30.2(n27)  skyjad_hluta -4.6(n23)  halfskyjad -15.2(n30)  mestu_skyjad -47.4(n31)  alskyjad -36.2(n289)
    knmi      heidskirt +33.3(n133)  lettskyjad +24.1(n25)  skyjad_hluta +3.8(n25)  halfskyjad -31.9(n25)  mestu_skyjad -48.1(n30)  alskyjad -36.3(n298)
    ecmwf     heidskirt +5.6(n37)  lettskyjad -0.8(n38)  skyjad_hluta +7.8(n79)  halfskyjad -6.9(n108)  mestu_skyjad -24.2(n67)  alskyjad -41.7(n207)
    icon      heidskirt +9.4(n35)  lettskyjad +2.8(n43)  skyjad_hluta -6.6(n67)  halfskyjad -11.0(n104)  mestu_skyjad -31.5(n80)  alskyjad -34.0(n207)
    ukmo      heidskirt +23.4(n82)  lettskyjad +4.4(n24)  skyjad_hluta +6.8(n60)  halfskyjad -21.0(n83)  mestu_skyjad -31.9(n75)  alskyjad -32.8(n212)
    mfr       heidskirt +30.1(n91)  lettskyjad +28.5(n54)  skyjad_hluta -0.9(n76)  halfskyjad -25.9(n84)  mestu_skyjad -22.4(n60)  alskyjad -30.5(n171)
    gfs       heidskirt +21.5(n84)  lettskyjad +11.9(n38)  skyjad_hluta -0.8(n20)  halfskyjad -7.7(n22)  mestu_skyjad -40.1(n17)  alskyjad -38.5(n355)
    harmonie  heidskirt +25.0(n99)  skyjad_hluta +12.8(n50)  halfskyjad -30.4(n77)  mestu_skyjad -9.0(n105)  alskyjad -39.3(n215)
    metno     heidskirt +7.2(n33)  lettskyjad -0.3(n51)  skyjad_hluta -8.7(n58)  halfskyjad -17.8(n94)  mestu_skyjad -37.3(n97)  alskyjad -26.3(n216)
  SKYJAKORT (@48 klst, flokkar med >= 6 por, nafnvirdi fyrir spalengdar-deyfingu):
    dmi       heidskirt +30.5(n144)  lettskyjad +35.2(n30)  skyjad_hluta -2.3(n26)  halfskyjad -5.9(n22)  mestu_skyjad -33.3(n33)  alskyjad -35.3(n282)
    knmi      heidskirt +31.9(n148)  lettskyjad +26.6(n20)  skyjad_hluta +2.6(n27)  halfskyjad -11.7(n25)  mestu_skyjad -29.9(n30)  alskyjad -35.9(n287)
    ecmwf     heidskirt +11.0(n32)  lettskyjad +2.3(n39)  skyjad_hluta +5.6(n80)  halfskyjad -8.5(n130)  mestu_skyjad -34.6(n67)  alskyjad -36.0(n189)
    icon      heidskirt +13.7(n39)  lettskyjad +19.6(n38)  skyjad_hluta -8.2(n80)  halfskyjad -14.6(n86)  mestu_skyjad -29.2(n104)  alskyjad -30.2(n190)
    ukmo      heidskirt +14.0(n54)  lettskyjad +7.3(n54)  skyjad_hluta +7.4(n73)  halfskyjad -10.5(n106)  mestu_skyjad -27.0(n82)  alskyjad -31.4(n168)
    mfr       heidskirt +33.0(n98)  lettskyjad +18.1(n63)  skyjad_hluta -4.7(n52)  halfskyjad -18.0(n95)  mestu_skyjad -25.0(n79)  alskyjad -25.4(n150)
    gfs       heidskirt +21.6(n89)  lettskyjad +27.5(n34)  skyjad_hluta +2.2(n25)  halfskyjad -9.7(n27)  mestu_skyjad -32.9(n15)  alskyjad -38.5(n347)
    harmonie  heidskirt +27.4(n108)  skyjad_hluta +11.4(n57)  halfskyjad -27.0(n100)  mestu_skyjad -8.1(n84)  alskyjad -35.3(n198)
    metno     heidskirt +9.5(n31)  lettskyjad +1.6(n52)  skyjad_hluta -10.8(n51)  halfskyjad -19.5(n94)  mestu_skyjad -30.2(n90)  alskyjad -29.1(n232)
  ('--gogn' = gjafinn skilar ekki breytunni | 'bid' = of fair samanburdir enn)
  SKILYRTAR THYNGDIR @1klst (hver er bestur i hvada adstaedum):
    hiti    A-dagur    dmi 15% | knmi 15% | harmonie 13%
    hiti    N-dagur    knmi 14% | dmi 14% | mfr 12%
    hiti    S-dagur    dmi 13% | knmi 11% | harmonie 11%
    hiti    S-nott     harmonie 17% | knmi 13% | dmi 13%
    hiti    V-dagur    harmonie 15% | dmi 14% | mfr 14%
    vindur  A-dagur    gfs 17% | harmonie 15% | dmi 12%
    vindur  N-dagur    gfs 15% | dmi 13% | knmi 13%
    vindur  S-dagur    ukmo 14% | metno 13% | icon 12%
    vindur  S-nott     harmonie 13% | icon 12% | ecmwf 12%
    vindur  V-dagur    harmonie 14% | ukmo 13% | icon 12%
    att     A-dagur    icon 15% | ecmwf 13% | ukmo 12%
    att     N-dagur    dmi 15% | icon 13% | mfr 12%
    att     S-dagur    ukmo 14% | metno 12% | ecmwf 12%
    att     S-nott     ecmwf 14% | mfr 13% | metno 13%
    att     V-dagur    ukmo 13% | icon 13% | ecmwf 13%
    urkoma  N-jafn     gfs 17% | knmi 16% | icon 15%
    urkoma  S-fall     knmi 18% | dmi 16% | gfs 15%
    urkoma  S-jafn     dmi 20% | icon 18% | knmi 17%
    urkoma  S-ris      knmi 16% | gfs 15% | mfr 14%
    urkoma  V-ris      knmi 18% | dmi 16% | gfs 15%
    sky     A-dagur    ecmwf 12% | icon 12% | ukmo 12%
    sky     N-dagur    dmi 14% | knmi 14% | gfs 13%
    sky     S-dagur    icon 14% | harmonie 12% | metno 12%
    sky     S-nott     ecmwf 23% | gfs 23% | metno 22%
    sky     V-dagur    ecmwf 12% | metno 12% | ukmo 11%
  SKILYRTAR THYNGDIR @3klst (hver er bestur i hvada adstaedum):
    hiti    A-dagur    dmi 15% | knmi 15% | harmonie 14%
    hiti    N-dagur    knmi 15% | dmi 14% | harmonie 13%
    hiti    S-dagur    dmi 12% | ukmo 11% | ecmwf 11%
    hiti    S-nott     harmonie 17% | dmi 13% | mfr 12%
    hiti    V-dagur    harmonie 17% | dmi 14% | mfr 13%
    vindur  A-dagur    gfs 16% | harmonie 14% | dmi 13%
    vindur  N-dagur    dmi 15% | harmonie 14% | gfs 12%
    vindur  S-dagur    ukmo 15% | metno 13% | icon 11%
    vindur  S-nott     ukmo 13% | harmonie 12% | icon 12%
    vindur  V-dagur    ukmo 13% | harmonie 13% | icon 12%
    att     A-dagur    icon 15% | ecmwf 13% | metno 12%
    att     N-dagur    dmi 17% | knmi 16% | mfr 12%
    att     S-dagur    metno 13% | ukmo 12% | ecmwf 12%
    att     S-nott     ecmwf 14% | metno 13% | icon 13%
    att     V-dagur    ecmwf 13% | ukmo 13% | metno 12%
    urkoma  N-jafn     mfr 16% | gfs 13% | knmi 13%
    urkoma  S-fall     mfr 17% | dmi 14% | knmi 13%
    urkoma  S-jafn     icon 19% | knmi 17% | dmi 16%
    urkoma  S-ris      mfr 19% | dmi 13% | knmi 12%
    urkoma  V-ris      mfr 17% | dmi 14% | knmi 14%
    sky     A-dagur    icon 12% | harmonie 12% | ukmo 11%
    sky     N-dagur    dmi 14% | knmi 13% | gfs 13%
    sky     S-dagur    icon 15% | metno 12% | harmonie 12%
    sky     S-nott     mfr 12% | metno 12% | icon 12%
    sky     V-dagur    ecmwf 12% | metno 12% | mfr 11%
  SKILYRTAR THYNGDIR @6klst (hver er bestur i hvada adstaedum):
    hiti    A-dagur    dmi 15% | knmi 14% | harmonie 13%
    hiti    N-dagur    knmi 15% | dmi 14% | harmonie 14%
    hiti    S-dagur    dmi 12% | harmonie 12% | ukmo 12%
    hiti    S-nott     harmonie 13% | knmi 13% | dmi 13%
    hiti    V-dagur    harmonie 15% | mfr 14% | dmi 14%
    vindur  A-dagur    gfs 15% | harmonie 13% | dmi 12%
    vindur  N-dagur    dmi 17% | harmonie 16% | knmi 13%
    vindur  S-dagur    ukmo 13% | mfr 12% | icon 12%
    vindur  S-nott     harmonie 14% | knmi 12% | dmi 12%
    vindur  V-dagur    harmonie 15% | ukmo 13% | metno 12%
    att     A-dagur    ecmwf 15% | icon 13% | metno 13%
    att     N-dagur    dmi 14% | harmonie 13% | mfr 12%
    att     S-dagur    metno 13% | mfr 13% | ecmwf 12%
    att     S-nott     ecmwf 14% | ukmo 14% | metno 12%
    att     V-dagur    ukmo 14% | ecmwf 14% | metno 11%
    urkoma  N-jafn     mfr 16% | dmi 15% | knmi 14%
    urkoma  S-fall     mfr 17% | dmi 15% | knmi 15%
    urkoma  S-jafn     ecmwf 16% | knmi 14% | icon 14%
    urkoma  S-ris      mfr 18% | dmi 14% | gfs 13%
    sky     A-dagur    ecmwf 12% | icon 12% | ukmo 12%
    sky     N-dagur    icon 14% | gfs 13% | dmi 12%
    sky     S-dagur    dmi 14% | knmi 12% | icon 12%
    sky     S-nott     mfr 12% | metno 12% | icon 12%
    sky     V-dagur    metno 12% | ecmwf 12% | ukmo 12%
  SKILYRTAR THYNGDIR @12klst (hver er bestur i hvada adstaedum):
    hiti    A-dagur    harmonie 14% | dmi 14% | mfr 13%
    hiti    N-dagur    harmonie 14% | mfr 13% | dmi 13%
    hiti    S-dagur    harmonie 13% | dmi 12% | mfr 12%
    hiti    S-nott     mfr 15% | dmi 12% | harmonie 12%
    hiti    V-dagur    mfr 15% | harmonie 13% | dmi 13%
    vindur  A-dagur    gfs 14% | harmonie 13% | mfr 13%
    vindur  N-dagur    dmi 13% | knmi 13% | harmonie 13%
    vindur  S-dagur    harmonie 13% | knmi 12% | dmi 12%
    vindur  S-nott     knmi 13% | harmonie 12% | dmi 12%
    vindur  V-dagur    harmonie 13% | knmi 11% | mfr 11%
    att     A-dagur    ecmwf 15% | mfr 13% | metno 12%
    att     N-dagur    ecmwf 16% | icon 13% | metno 12%
    att     S-dagur    mfr 13% | ecmwf 12% | dmi 11%
    att     S-nott     ecmwf 14% | mfr 12% | ukmo 12%
    att     V-dagur    ecmwf 14% | mfr 13% | ukmo 12%
    urkoma  N-jafn     dmi 18% | gfs 18% | knmi 16%
    urkoma  S-fall     dmi 18% | gfs 17% | knmi 16%
    urkoma  S-jafn     dmi 17% | knmi 15% | gfs 15%
    urkoma  S-ris      gfs 19% | dmi 17% | knmi 15%
    sky     A-dagur    icon 13% | ecmwf 12% | gfs 11%
    sky     N-dagur    metno 12% | knmi 12% | dmi 12%
    sky     S-dagur    dmi 13% | gfs 12% | metno 12%
    sky     S-nott     metno 12% | icon 12% | gfs 12%
    sky     V-dagur    icon 12% | metno 12% | ecmwf 12%
  SKILYRTAR THYNGDIR @24klst (hver er bestur i hvada adstaedum):
    hiti    A-dagur    dmi 14% | harmonie 14% | knmi 13%
    hiti    N-dagur    harmonie 16% | dmi 13% | mfr 13%
    hiti    S-dagur    harmonie 12% | dmi 12% | knmi 12%
    hiti    S-nott     mfr 13% | dmi 13% | harmonie 13%
    hiti    V-dagur    harmonie 13% | mfr 13% | dmi 13%
    vindur  A-dagur    mfr 14% | ukmo 12% | metno 11%
    vindur  N-dagur    mfr 17% | icon 13% | ecmwf 13%
    vindur  S-dagur    mfr 12% | ukmo 12% | icon 12%
    vindur  S-nott     mfr 14% | icon 13% | ecmwf 13%
    vindur  V-dagur    mfr 14% | ecmwf 13% | icon 13%
    att     A-dagur    ecmwf 14% | mfr 14% | metno 13%
    att     N-dagur    ecmwf 15% | mfr 13% | dmi 11%
    att     S-dagur    mfr 14% | ecmwf 13% | ukmo 12%
    att     S-nott     mfr 15% | ecmwf 13% | ukmo 12%
    att     V-dagur    mfr 15% | ecmwf 14% | ukmo 12%
    urkoma  N-jafn     dmi 17% | gfs 16% | knmi 16%
    urkoma  S-fall     dmi 16% | gfs 16% | knmi 16%
    urkoma  S-jafn     gfs 14% | dmi 14% | metno 14%
    urkoma  S-ris      gfs 16% | dmi 16% | knmi 15%
    sky     A-dagur    icon 12% | metno 12% | ukmo 11%
    sky     N-dagur    metno 12% | icon 12% | dmi 12%
    sky     S-dagur    icon 14% | metno 12% | ukmo 12%
    sky     S-nott     metno 12% | icon 12% | ukmo 12%
    sky     V-dagur    metno 12% | icon 12% | ukmo 12%
  SKILYRTAR THYNGDIR @48klst (hver er bestur i hvada adstaedum):
    hiti    A-dagur    dmi 14% | knmi 12% | harmonie 12%
    hiti    N-dagur    harmonie 13% | mfr 12% | dmi 12%
    hiti    S-dagur    dmi 13% | knmi 12% | harmonie 12%
    hiti    S-nott     dmi 12% | mfr 12% | harmonie 12%
    hiti    V-dagur    dmi 13% | harmonie 12% | ecmwf 12%
    vindur  A-dagur    metno 13% | ecmwf 12% | gfs 12%
    vindur  N-dagur    ecmwf 12% | metno 12% | gfs 12%
    vindur  S-dagur    dmi 12% | knmi 12% | metno 12%
    vindur  S-nott     gfs 12% | ecmwf 12% | metno 12%
    vindur  V-dagur    ecmwf 13% | metno 13% | gfs 12%
    att     A-dagur    metno 15% | ecmwf 15% | ukmo 13%
    att     N-dagur    ecmwf 13% | icon 13% | metno 13%
    att     S-dagur    ecmwf 14% | metno 13% | ukmo 13%
    att     S-nott     metno 16% | ecmwf 15% | ukmo 15%
    att     V-dagur    ecmwf 15% | ukmo 15% | metno 15%
    urkoma  S-fall     knmi 16% | ecmwf 15% | metno 14%
    urkoma  S-jafn     knmi 16% | ecmwf 15% | metno 15%
    urkoma  S-ris      knmi 16% | ecmwf 15% | metno 15%
    sky     A-dagur    icon 13% | ukmo 13% | gfs 13%
    sky     N-dagur    gfs 14% | ukmo 13% | icon 13%
    sky     S-dagur    icon 14% | gfs 13% | ukmo 13%
    sky     S-nott     gfs 14% | icon 14% | ukmo 14%
    sky     V-dagur    gfs 14% | icon 14% | ukmo 14%
SANNLEIKSMAELIR (hraar tolur, sidustu 24 klst, @1klst)
  gjafi             hiti   vindur      att      sky   (leidrett eins og spain gerir)
  dmi              0.72     1.95    43.27    21.05   (0.72 1.95 43.27 20.14)
  knmi             0.70     1.89    54.53    21.10   (0.70 1.89 54.53 20.10)
  ecmwf            0.98     1.59    29.20    15.24   (0.98 1.59 29.20 14.29)
  icon             0.87     1.52    34.67    14.86   (0.87 1.52 34.67 15.62)
  ukmo             0.73     1.35    26.67    13.67   (0.73 1.35 26.67 13.38)
  mfr              0.57     2.01    41.80    19.29   (0.57 2.01 41.80 13.14)
  gfs              1.43     1.40    41.60    15.52   (1.43 1.40 41.60 15.76)
  harmonie         0.91     1.45    25.71    13.11   (0.91 1.45 25.71 18.00)
  metno            1.00     1.47    37.65    13.38   (1.00 1.47 37.65 14.33)
  ----------------------------------------------
  JOLLY            0.42     1.32    26.49     9.10   (0.42 1.32 26.49 9.10)
  n = 22 por
    hiti    Jolly   0.42 | hrair   0.88 (+53%) | leidrettir   0.88 (+53%) | besti   0.57 (+27%)
    vindur  Jolly   1.32 | hrair   1.62 (+19%) | leidrettir   1.62 (+19%) | besti   1.35 (+2%)
    att     Jolly  26.49 | hrair  37.23 (+29%) | leidrettir  37.23 (+29%) | besti  25.71 (-3%)
    sky     Jolly   9.10 | hrair  16.36 (+44%) | leidrettir  16.08 (+43%) | besti  13.14 (+31%)
  EFTIR REIT (leidrett MAE, vindatt x dagur/nott):
    reitur           hiti   vindur      att      sky     n
    N-dagur          0.31     0.97    20.00     5.75     5
    S-dagur          0.73     2.39    50.60    24.00     1
    V-dagur          0.43     1.36    25.13     9.00    16
  FALLIN LIKON @1klst (0 vaegi, enn maeld, geta komid aftur):
    att: knmi
    urkoma: ecmwf, metno, mfr, ukmo
  FALLIN LIKON @3klst (0 vaegi, enn maeld, geta komid aftur):
    urkoma: ukmo
  FALLIN LIKON @6klst (0 vaegi, enn maeld, geta komid aftur):
    urkoma: ecmwf, icon, ukmo
  FALLIN LIKON @12klst (0 vaegi, enn maeld, geta komid aftur):
    urkoma: ecmwf, icon, mfr, ukmo
    sky: dmi, knmi
  FALLIN LIKON @24klst (0 vaegi, enn maeld, geta komid aftur):
    urkoma: ecmwf, ukmo
  FALLIN LIKON @48klst (0 vaegi, enn maeld, geta komid aftur):
    urkoma: dmi, icon
    sky: knmi, mfr
VISTAD

════════════════════════════════════════════════════════════
  24-48 KLST REKJARI (ofur-ahersla spalengdir, allar breytur)
════════════════════════════════════════════════════════════
  --- @24klst ---  member_bias(hiti)=ovirk  CELLW_LEAD_TRUST=0.55
    hiti    (C   ): 09-29:1.68 -> 09-30:1.10 -> 10-01:0.69 -> 10-02:0.49 -> 10-03:0.74 -> 10-04:0.92 -> 10-05:0.74
    vindur  (m/s ): 09-29:1.70 -> 09-30:1.53 -> 10-01:1.27 -> 10-02:1.13 -> 10-03:0.81 -> 10-04:1.49 -> 10-05:2.09
    att     (gr  ): 09-29:23.20 -> 09-30:28.33 -> 10-01:6.53 -> 10-02:10.90 -> 10-03:24.46 -> 10-04:25.39 -> 10-05:31.35
    urkoma  (mm  ): 09-29:0.15 -> 09-30:0.42 -> 10-01:0.49 -> 10-02:0.05 -> 10-03:0.12 -> 10-04:0.02 -> 10-05:0.29
    sky     (%   ): 09-29:20.51 -> 09-30:24.64 -> 10-01:18.27 -> 10-02:26.69 -> 10-03:21.31 -> 10-04:22.30 -> 10-05:17.67
  --- @48klst ---  member_bias(hiti)=ovirk  CELLW_LEAD_TRUST=0.45
    hiti    (C   ): 09-29:1.71 -> 09-30:1.12 -> 10-01:0.65 -> 10-02:0.62 -> 10-03:1.19 -> 10-04:1.05 -> 10-05:0.73
      ✓ batnar 3 daga i rod (1.19 -> 1.05 -> 0.73)
    vindur  (m/s ): 09-29:1.66 -> 09-30:1.56 -> 10-01:1.28 -> 10-02:1.37 -> 10-03:1.80 -> 10-04:1.40 -> 10-05:1.87
    att     (gr  ): 09-29:27.82 -> 09-30:40.41 -> 10-01:11.48 -> 10-02:12.22 -> 10-03:23.99 -> 10-04:32.90 -> 10-05:25.50
    urkoma  (mm  ): 09-29:0.11 -> 09-30:0.44 -> 10-01:0.25 -> 10-02:0.02 -> 10-03:0.12 -> 10-04:0.02 -> 10-05:0.20
    sky     (%   ): 09-29:9.29 -> 09-30:18.16 -> 10-01:21.90 -> 10-02:34.16 -> 10-03:21.08 -> 10-04:17.16 -> 10-05:18.76
════════════════════════════════════════════════════════════
================================================================
  SIDUSTU 7 DAGAR - raunverulegt MAE ur langtimasafni
  (att adeins vid vind >= 2 m/s)
  breyta                 1kl     3kl     6kl    12kl    24kl    48kl
  hiti    Jolly         0.63    0.91    1.17    1.20    1.13    1.18
          medaltal      1.21    1.23    1.20    1.23    1.17    1.13
          yr.no         1.21    1.21    1.17    1.23    1.16    1.08
          vedur.is      1.16    1.14    1.09    1.11    1.11    1.26
          besta         1.15    1.14    1.09    1.11    1.11    1.08
          n              164     164     164     164     165     149
  vindur  Jolly         1.21    1.36    1.35    1.33    1.54    1.60
          medaltal      1.27    1.30    1.27    1.33    1.43    1.53
          yr.no         1.50    1.49    1.49    1.61    1.63    1.76
          vedur.is      1.70    1.78    1.77    1.78    1.91    2.05
          besta         1.36    1.37    1.34    1.32    1.42    1.76
          n              164     164     164     164     165     149
  att     Jolly        21.86   23.92   20.60   25.32   22.76   24.94
          medaltal     22.23   22.68   22.20   23.48   21.38   22.17
          yr.no        26.15   26.28   25.67   27.18   25.42   24.73
          vedur.is     32.12   30.85   29.49   29.42   28.38   32.64
          besta        21.31   21.76   18.92   21.00   22.67   23.50
          n              124     123     124     123     125     117
  sky     Jolly        15.64   21.01   21.23   17.70   23.40   19.95
          medaltal     20.24   20.69   22.00   20.63   21.84   18.69
          yr.no        21.87   21.87   24.01   21.87   21.85   22.59
          vedur.is     25.23   25.82   28.99   27.66   26.32   26.67
          besta        21.17   20.16   21.43   21.87   21.85   22.59
          n              157     155     155     155     156     140
  urkoma  Jolly         0.26    0.31    0.27    0.44    0.21    0.18
          medaltal      0.17    0.17    0.18    0.19    0.18    0.21
          yr.no         0.27    0.25    0.25    0.25    0.19    0.23
          vedur.is         -       -       -       -       -       -
          besta         0.18    0.18    0.18    0.20    0.16    0.20
          n              146     144     144     145     146     131
================================================================
Thyngdir hiti    @6klst: harmonie 15% | dmi 14% | knmi 14% | mfr 13%
Thyngdir vindur  @6klst: harmonie 15% | knmi 12% | dmi 11% | ukmo 11%
Thyngdir att     @6klst: ecmwf 15% | ukmo 14% | metno 13% | icon 13%
Thyngdir urkoma  @6klst: mfr 17% | dmi 15% | knmi 15% | gfs 13%
Thyngdir sky     @6klst: metno 13% | mfr 12% | gfs 12% | icon 12%

STADA  3 ATRIDI (3 ALVARLEG):
  !! KRUFNING: geymd Jolly-spa (89.1) passar ekki vid blondu (85.4)
  !! vindur @24klst VERSNAR 3 daga i rod (0.81 -> 1.49 -> 2.09)
  !! att @24klst VERSNAR 3 daga i rod (24.46 -> 25.39 -> 31.35)

Keyrslur 1383 | stadfest por 201787
Jolly hiti    a moti besta likani: 1kl +1% | 3kl -55% | 6kl -78% | 12kl -81% | 24kl -40% | 48kl -25%
Jolly vindur  a moti besta likani: 1kl -21% | 3kl -60% | 6kl -58% | 12kl -30% | 24kl -88% | 48kl -86%
Jolly att     a moti besta likani: 1kl -53% | 3kl -50% | 6kl -52% | 12kl -33% | 24kl -42% | 48kl -9%
Jolly urkoma  a moti besta likani: 1kl +0% | 3kl +0% | 6kl +0% | 12kl +0% | 24kl +0% | 48kl -100%
Jolly sky     a moti besta likani: 1kl +8% | 3kl -30% | 6kl -43% | 12kl -12% | 24kl -46% | 48kl -81%
================================================================
